I'm sorry, but errors were detected in your script. Please correct the
errors listed below, and try again.


File "game/classes/class.rpy", line 5: invalid syntax
        def __init__(this, name:str, age, type):
                                ^
    

Ren'Py Version: Ren'Py 7.4.9.2084n
Sun Oct 31 16:44:22 2021
